2025-06-02 13:30:42,173 - __main__ - ERROR - Streamlit application error: 'SecurityValidator' object has no attribute 'validate_security_config'
2025-06-02 13:31:07,103 - __main__ - ERROR - Streamlit application error: 'SecurityValidator' object has no attribute 'validate_security_config'
2025-06-02 13:31:11,945 - __main__ - ERROR - Streamlit application error: 'SecurityValidator' object has no attribute 'validate_security_config'
2025-06-02 13:31:14,574 - __main__ - ERROR - Streamlit application error: 'SecurityValidator' object has no attribute 'validate_security_config'
2025-06-02 13:31:19,584 - __main__ - ERROR - Streamlit application error: 'SecurityValidator' object has no attribute 'validate_security_config'
2025-06-02 13:31:21,932 - __main__ - ERROR - Streamlit application error: 'SecurityValidator' object has no attribute 'validate_security_config'
2025-06-02 13:31:23,484 - __main__ - ERROR - Streamlit application error: 'SecurityValidator' object has no attribute 'validate_security_config'
2025-06-02 13:44:28,078 - utils - INFO - Audit log created: a41023e02df15b4d performed user_login on auth
2025-06-02 13:44:28,079 - auth - INFO - User authenticated: tomerikosan@gmail.com
2025-06-02 13:47:22,311 - indicator_processor - INFO - Successfully stored 2 new indicators
2025-06-02 13:47:22,321 - utils - INFO - Audit log created: system performed file_processed on file
2025-06-02 13:47:22,322 - indicator_processor - INFO - Successfully processed file temp\IOCs- FC309242855$08092024_13_34_16.csv: {'file_path': 'temp\\IOCs- FC309242855$08092024_13_34_16.csv', 'source_name': 'IOCs- FC309242855$08092024_13_34_16.csv', 'total_indicators': 5, 'processed_indicators': 2, 'stored_indicators': 2, 'processing_time_seconds': 0.050917, 'success': True}
2025-06-02 13:47:22,333 - utils - INFO - Audit log created: a41023e02df15b4d performed file_uploaded on file
2025-06-02 14:18:35,287 - utils - INFO - Audit log created: d918fb5600467a05 performed user_login on auth
2025-06-02 14:18:35,288 - auth - INFO - User authenticated: tomer@gmail.com
2025-06-02 14:18:48,703 - utils - INFO - Audit log created: d918fb5600467a05 performed user_logout on auth
2025-06-02 14:18:58,128 - utils - INFO - Audit log created: a41023e02df15b4d performed user_login on auth
2025-06-02 14:18:58,129 - auth - INFO - User authenticated: tomerikosan@gmail.com
2025-06-02 14:23:52,739 - utils - INFO - Audit log created: a41023e02df15b4d performed user_login on auth
2025-06-02 14:23:52,740 - auth - INFO - User authenticated: tomerikosan@gmail.com
2025-06-02 14:42:45,101 - utils - INFO - Audit log created: a41023e02df15b4d performed user_login on auth
2025-06-02 14:42:45,102 - auth - INFO - User authenticated: tomerikosan@gmail.com
2025-06-05 01:38:36,442 - indicator_processor - INFO - Successfully stored 0 new indicators
2025-06-05 01:38:36,477 - utils - INFO - Audit log created: system performed file_processed on file
2025-06-05 01:38:36,479 - indicator_processor - INFO - Successfully processed file temp\sample_diff_test.csv: {'total_found': 12, 'new_count': 0, 'existing_count': 0, 'duplicate_count': 0, 'invalid_count': 12}
2025-06-05 01:38:36,495 - utils - INFO - Audit log created: streamlit_user performed file_uploaded on file
2025-06-05 01:40:34,508 - indicator_processor - INFO - Successfully stored 0 new indicators
2025-06-05 01:40:34,518 - utils - INFO - Audit log created: system performed file_processed on file
2025-06-05 01:40:34,519 - indicator_processor - INFO - Successfully processed file temp\sample_diff_test.csv: {'total_found': 12, 'new_count': 0, 'existing_count': 0, 'duplicate_count': 0, 'invalid_count': 12}
2025-06-05 01:40:34,535 - utils - INFO - Audit log created: streamlit_user performed file_uploaded on file
2025-06-05 01:41:21,726 - indicator_processor - INFO - Successfully stored 0 new indicators
2025-06-05 01:41:21,741 - utils - INFO - Audit log created: system performed file_processed on file
2025-06-05 01:41:21,742 - indicator_processor - INFO - Successfully processed file temp\sample_diff_test2.csv: {'total_found': 9, 'new_count': 0, 'existing_count': 0, 'duplicate_count': 0, 'invalid_count': 9}
2025-06-05 01:41:21,754 - utils - INFO - Audit log created: streamlit_user performed file_uploaded on file
2025-06-05 01:56:30,008 - indicator_processor - INFO - Successfully stored 0 new indicators
2025-06-05 01:56:30,021 - utils - INFO - Audit log created: system performed file_processed on file
2025-06-05 01:56:30,022 - indicator_processor - INFO - Successfully processed file temp\sample_diff_test.csv: {'total_found': 12, 'new_count': 0, 'existing_count': 0, 'duplicate_count': 0, 'invalid_count': 12}
2025-06-05 01:56:30,036 - utils - INFO - Audit log created: streamlit_user performed file_uploaded on file
2025-06-05 01:57:09,256 - indicator_processor - INFO - Successfully stored 0 new indicators
2025-06-05 01:57:09,275 - utils - INFO - Audit log created: system performed file_processed on file
2025-06-05 01:57:09,276 - indicator_processor - INFO - Successfully processed file temp\sample_diff_test2.csv: {'total_found': 9, 'new_count': 0, 'existing_count': 0, 'duplicate_count': 0, 'invalid_count': 9}
2025-06-05 01:57:09,286 - utils - INFO - Audit log created: streamlit_user performed file_uploaded on file
2025-06-05 01:57:09,297 - indicator_processor - INFO - Successfully stored 0 new indicators
2025-06-05 01:57:09,307 - utils - INFO - Audit log created: system performed file_processed on file
2025-06-05 01:57:09,308 - indicator_processor - INFO - Successfully processed file temp\sample_diff_test.csv: {'total_found': 12, 'new_count': 0, 'existing_count': 0, 'duplicate_count': 0, 'invalid_count': 12}
2025-06-05 01:57:09,318 - utils - INFO - Audit log created: streamlit_user performed file_uploaded on file
2025-06-05 01:58:50,363 - indicator_processor - INFO - Successfully stored 0 new indicators
2025-06-05 01:58:50,377 - utils - INFO - Audit log created: system performed file_processed on file
2025-06-05 01:58:50,377 - indicator_processor - INFO - Successfully processed file temp\IOCs- FC309242855$08092024_13_34_16.csv: {'total_found': 5, 'new_count': 0, 'existing_count': 2, 'duplicate_count': 0, 'invalid_count': 3}
2025-06-05 01:58:50,391 - utils - INFO - Audit log created: streamlit_user performed file_uploaded on file
2025-06-05 02:11:24,485 - indicator_processor - INFO - Successfully stored 0 new indicators
2025-06-05 02:11:24,510 - utils - INFO - Audit log created: system performed file_processed on file
2025-06-05 02:11:24,511 - indicator_processor - INFO - Successfully processed file temp\sample_diff_test.csv: {'total_found': 12, 'new_count': 0, 'existing_count': 0, 'duplicate_count': 0, 'invalid_count': 12}
2025-06-05 02:11:24,523 - utils - INFO - Audit log created: streamlit_user performed file_uploaded on file
2025-06-05 02:13:32,393 - indicator_processor - INFO - Successfully stored 0 new indicators
2025-06-05 02:13:32,406 - utils - INFO - Audit log created: system performed file_processed on file
2025-06-05 02:13:32,406 - indicator_processor - INFO - Successfully processed file temp\IOCs- FC309242855$08092024_13_34_16.csv: {'total_found': 5, 'new_count': 0, 'existing_count': 2, 'duplicate_count': 0, 'invalid_count': 3}
2025-06-05 02:13:32,418 - utils - INFO - Audit log created: streamlit_user performed file_uploaded on file
2025-06-05 02:13:32,429 - indicator_processor - INFO - Successfully stored 0 new indicators
2025-06-05 02:13:32,440 - utils - INFO - Audit log created: system performed file_processed on file
2025-06-05 02:13:32,441 - indicator_processor - INFO - Successfully processed file temp\sample_diff_test2.csv: {'total_found': 9, 'new_count': 0, 'existing_count': 0, 'duplicate_count': 0, 'invalid_count': 9}
2025-06-05 02:13:32,451 - utils - INFO - Audit log created: streamlit_user performed file_uploaded on file
2025-06-05 02:16:33,177 - indicator_processor - INFO - Successfully stored 0 new indicators
2025-06-05 02:16:33,195 - utils - INFO - Audit log created: system performed file_processed on file
2025-06-05 02:16:33,195 - indicator_processor - INFO - Successfully processed file temp\sample_diff_test.csv: {'total_found': 12, 'new_count': 0, 'existing_count': 0, 'duplicate_count': 0, 'invalid_count': 12}
2025-06-05 02:16:33,211 - utils - INFO - Audit log created: streamlit_user performed file_uploaded on file
2025-06-05 02:17:04,244 - indicator_processor - INFO - Successfully stored 0 new indicators
2025-06-05 02:17:04,258 - utils - INFO - Audit log created: system performed file_processed on file
2025-06-05 02:17:04,259 - indicator_processor - INFO - Successfully processed file temp\sample_diff_test2.csv: {'total_found': 9, 'new_count': 0, 'existing_count': 0, 'duplicate_count': 0, 'invalid_count': 9}
2025-06-05 02:17:04,270 - utils - INFO - Audit log created: streamlit_user performed file_uploaded on file
2025-06-05 02:20:11,064 - indicator_processor - INFO - Successfully stored 0 new indicators
2025-06-05 02:20:11,082 - utils - INFO - Audit log created: system performed file_processed on file
2025-06-05 02:20:11,082 - indicator_processor - INFO - Successfully processed file temp\sample_diff_test2.csv: {'total_found': 9, 'new_count': 0, 'existing_count': 0, 'duplicate_count': 0, 'invalid_count': 9}
2025-06-05 02:20:11,094 - utils - INFO - Audit log created: streamlit_user performed file_uploaded on file
2025-06-05 03:43:18,892 - utils - INFO - Audit log created: a41023e02df15b4d performed user_login on auth
2025-06-05 03:43:18,893 - auth - INFO - User authenticated: tomerikosan@gmail.com
2025-06-05 03:43:59,841 - indicator_processor - INFO - Successfully stored 0 new indicators
2025-06-05 03:43:59,855 - utils - INFO - Audit log created: system performed file_processed on file
2025-06-05 03:43:59,856 - indicator_processor - INFO - Successfully processed file temp\sample_diff_test.csv: {'total_found': 12, 'new_count': 0, 'existing_count': 0, 'duplicate_count': 0, 'invalid_count': 12}
2025-06-05 03:43:59,873 - utils - INFO - Audit log created: a41023e02df15b4d performed file_uploaded on file
2025-06-05 03:47:12,113 - utils - INFO - Audit log created: 0744855dc3882b5f performed user_login on auth
2025-06-05 03:47:12,113 - auth - INFO - User authenticated: tomer@cyterous.com
2025-06-05 04:03:14,782 - indicator_processor - ERROR - Error processing file IOCs- FC309242855.csv: File does not exist: IOCs- FC309242855.csv
2025-06-05 04:03:31,081 - indicator_processor - ERROR - Error processing file IOCs- FC309242855.csv: File does not exist: IOCs- FC309242855.csv
2025-06-05 04:07:34,182 - indicator_processor - INFO - Successfully stored 9 new indicators
2025-06-05 04:07:34,195 - utils - INFO - Audit log created: system performed file_processed on file
2025-06-05 04:07:34,195 - indicator_processor - INFO - Successfully processed file IOCs- FC309242855$08092024_13_34_16.csv: {'total_found': 11, 'new_count': 9, 'existing_count': 2, 'duplicate_count': 0, 'invalid_count': 0}
2025-06-05 04:10:35,275 - indicator_processor - INFO - Successfully stored 0 new indicators
2025-06-05 04:10:35,302 - utils - INFO - Audit log created: system performed file_processed on file
2025-06-05 04:10:35,302 - indicator_processor - INFO - Successfully processed file IOCs- FC309242855$08092024_13_34_16.csv: {'total_found': 11, 'new_count': 0, 'existing_count': 11, 'duplicate_count': 0, 'invalid_count': 0}
2025-06-05 04:13:05,983 - utils - INFO - Audit log created: d918fb5600467a05 performed user_login on auth
2025-06-05 04:13:05,984 - auth - INFO - User authenticated: tomer@gmail.com
2025-06-05 04:14:30,179 - indicator_processor - INFO - Successfully stored 10 new indicators
2025-06-05 04:14:30,190 - utils - INFO - Audit log created: system performed file_processed on file
2025-06-05 04:14:30,191 - indicator_processor - INFO - Successfully processed file temp\sample_diff_test.csv: {'total_found': 19, 'new_count': 10, 'existing_count': 0, 'duplicate_count': 0, 'invalid_count': 9}
2025-06-05 04:14:30,202 - utils - INFO - Audit log created: d918fb5600467a05 performed file_uploaded on file
2025-06-05 06:00:14,940 - utils - INFO - Audit log created: 0744855dc3882b5f performed user_login on auth
2025-06-05 06:00:14,942 - auth - INFO - User authenticated: tomer@cyterous.com
2025-06-05 06:08:04,078 - utils - INFO - Audit log created: a41023e02df15b4d performed user_login on auth
2025-06-05 06:08:04,081 - auth - INFO - User authenticated: tomerikosan@gmail.com
2025-06-05 06:15:30,591 - indicator_processor - INFO - Successfully stored 2 new indicators
2025-06-05 06:15:30,610 - utils - INFO - Audit log created: system performed file_processed on file
2025-06-05 06:15:30,610 - indicator_processor - INFO - Successfully processed file temp\sample_diff_test2.csv: {'total_found': 14, 'new_count': 2, 'existing_count': 3, 'duplicate_count': 1, 'invalid_count': 8}
2025-06-05 06:15:30,629 - utils - INFO - Audit log created: a41023e02df15b4d performed file_uploaded on file
2025-06-05 06:20:25,045 - utils - INFO - Audit log created: a41023e02df15b4d performed user_login on auth
2025-06-05 06:20:25,046 - auth - INFO - User authenticated: tomerikosan@gmail.com
2025-06-05 06:21:02,549 - indicator_processor - INFO - Successfully stored 0 new indicators
2025-06-05 06:21:02,562 - utils - INFO - Audit log created: system performed file_processed on file
2025-06-05 06:21:02,563 - indicator_processor - INFO - Successfully processed file temp\IOCs- FC309242855$08092024_13_34_16.csv: {'total_found': 11, 'new_count': 0, 'existing_count': 11, 'duplicate_count': 0, 'invalid_count': 0}
2025-06-05 06:21:02,575 - utils - INFO - Audit log created: a41023e02df15b4d performed file_uploaded on file
2025-06-05 06:24:25,290 - utils - INFO - Audit log created: a41023e02df15b4d performed user_login on auth
2025-06-05 06:24:25,292 - auth - INFO - User authenticated: tomerikosan@gmail.com
2025-06-05 06:24:54,660 - indicator_processor - INFO - Successfully stored 2 new indicators
2025-06-05 06:24:54,674 - utils - INFO - Audit log created: system performed file_processed on file
2025-06-05 06:24:54,675 - indicator_processor - INFO - Successfully processed file temp\10092024-Normalized_Indicators.csv: {'total_found': 4, 'new_count': 2, 'existing_count': 0, 'duplicate_count': 0, 'invalid_count': 2}
2025-06-05 06:24:54,695 - utils - INFO - Audit log created: a41023e02df15b4d performed file_uploaded on file
2025-06-05 06:29:46,347 - utils - INFO - Audit log created: a41023e02df15b4d performed user_login on auth
2025-06-05 06:29:46,350 - auth - INFO - User authenticated: tomerikosan@gmail.com
2025-06-05 06:30:58,710 - utils - INFO - Audit log created: a41023e02df15b4d performed user_login on auth
2025-06-05 06:30:58,713 - auth - INFO - User authenticated: tomerikosan@gmail.com
2025-06-05 06:32:18,090 - utils - INFO - Audit log created: a41023e02df15b4d performed user_login on auth
2025-06-05 06:32:18,096 - auth - INFO - User authenticated: tomerikosan@gmail.com
2025-06-05 06:34:16,757 - indicator_processor - INFO - Successfully stored 0 new indicators
2025-06-05 06:34:16,777 - utils - INFO - Audit log created: system performed file_processed on file
2025-06-05 06:34:16,795 - indicator_processor - INFO - Successfully processed file temp\sample_diff_test2.csv: {'total_found': 14, 'new_count': 0, 'existing_count': 5, 'duplicate_count': 1, 'invalid_count': 8}
2025-06-05 06:34:16,831 - utils - INFO - Audit log created: a41023e02df15b4d performed file_uploaded on file
2025-06-05 23:53:51,475 - utils - INFO - Audit log created: d918fb5600467a05 performed user_login on auth
2025-06-05 23:53:51,476 - auth - INFO - User authenticated: tomer@gmail.com
2025-06-05 23:56:20,266 - indicator_processor - INFO - Successfully stored 0 new indicators
2025-06-05 23:56:20,302 - utils - INFO - Audit log created: system performed file_processed on file
2025-06-05 23:56:20,302 - indicator_processor - INFO - Successfully processed file temp\sample_diff_test2.csv: {'total_found': 14, 'new_count': 0, 'existing_count': 5, 'duplicate_count': 1, 'invalid_count': 8}
2025-06-05 23:56:20,345 - utils - INFO - Audit log created: d918fb5600467a05 performed file_uploaded on file
2025-06-07 16:10:06,454 - utils - INFO - Audit log created: 0744855dc3882b5f performed user_login on auth
2025-06-07 16:10:06,457 - auth - INFO - User authenticated: tomer@cyterous.com
2025-06-07 16:17:33,943 - indicator_processor - INFO - Successfully stored 0 new indicators
2025-06-07 16:17:33,966 - utils - INFO - Audit log created: system performed file_processed on file
2025-06-07 16:17:33,969 - indicator_processor - INFO - Successfully processed file temp\sample_diff_test2.csv: {'total_found': 14, 'new_count': 0, 'existing_count': 5, 'duplicate_count': 1, 'invalid_count': 8}
2025-06-07 16:17:34,000 - utils - INFO - Audit log created: 0744855dc3882b5f performed file_uploaded on file
2025-06-07 17:50:39,792 - indicator_processor - INFO - Successfully stored 0 new indicators
2025-06-07 17:50:39,811 - utils - INFO - Audit log created: system performed file_processed on file
2025-06-07 17:50:39,814 - indicator_processor - INFO - Successfully processed file temp\sample_diff_test2.csv: {'total_found': 14, 'new_count': 0, 'existing_count': 5, 'duplicate_count': 1, 'invalid_count': 8}
2025-06-07 17:50:39,829 - utils - INFO - Audit log created: 0744855dc3882b5f performed file_uploaded on file
2025-06-08 23:32:43,757 - utils - INFO - Audit log created: 0744855dc3882b5f performed user_login on auth
2025-06-08 23:32:43,758 - auth - INFO - User authenticated: tomer@cyterous.com
2025-06-08 23:34:05,685 - indicator_processor - INFO - Successfully stored 0 new indicators
2025-06-08 23:34:05,699 - utils - INFO - Audit log created: system performed file_processed on file
2025-06-08 23:34:05,700 - indicator_processor - INFO - Successfully processed file temp\sample_diff_test2.csv: {'total_found': 14, 'new_count': 0, 'existing_count': 5, 'duplicate_count': 1, 'invalid_count': 8}
2025-06-08 23:34:05,715 - utils - INFO - Audit log created: 0744855dc3882b5f performed file_uploaded on file
2025-06-08 23:37:12,769 - utils - INFO - Audit log created: d918fb5600467a05 performed user_login on auth
2025-06-08 23:37:12,772 - auth - INFO - User authenticated: tomer@gmail.com
2025-06-08 23:37:36,092 - indicator_processor - INFO - Successfully stored 0 new indicators
2025-06-08 23:37:36,106 - utils - INFO - Audit log created: system performed file_processed on file
2025-06-08 23:37:36,111 - indicator_processor - INFO - Successfully processed file temp\sample_diff_test2.csv: {'total_found': 14, 'new_count': 0, 'existing_count': 5, 'duplicate_count': 1, 'invalid_count': 8}
2025-06-08 23:37:36,126 - utils - INFO - Audit log created: d918fb5600467a05 performed file_uploaded on file
2025-06-09 11:21:28,808 - utils - INFO - Audit log created: 0744855dc3882b5f performed user_login on auth
2025-06-09 11:21:28,816 - auth - INFO - User authenticated: tomer@cyterous.com
2025-06-09 11:26:56,316 - indicator_processor - INFO - Successfully stored 0 new indicators
2025-06-09 11:26:56,333 - utils - INFO - Audit log created: system performed file_processed on file
2025-06-09 11:26:56,334 - indicator_processor - INFO - Successfully processed file temp\sample_diff_test.csv: {'total_found': 19, 'new_count': 0, 'existing_count': 10, 'duplicate_count': 0, 'invalid_count': 9}
2025-06-09 11:26:56,371 - utils - INFO - Audit log created: 0744855dc3882b5f performed file_uploaded on file
2025-06-10 22:13:12,751 - utils - INFO - Audit log created: 0744855dc3882b5f performed user_login on auth
2025-06-10 22:13:12,754 - auth - INFO - User authenticated: tomer@cyterous.com
2025-06-10 22:33:16,832 - indicator_processor - INFO - Successfully stored 0 new indicators
2025-06-10 22:33:16,845 - utils - INFO - Audit log created: system performed file_processed on file
2025-06-10 22:33:16,845 - indicator_processor - INFO - Successfully processed file temp\sample_diff_test.csv: {'total_found': 19, 'new_count': 0, 'existing_count': 10, 'duplicate_count': 0, 'invalid_count': 9}
2025-06-10 22:33:16,859 - utils - INFO - Audit log created: 0744855dc3882b5f performed file_uploaded on file
2025-06-13 21:26:24,204 - fastapi - ERROR - Form data requires "python-multipart" to be installed. 
You can install "python-multipart" with: 

pip install python-multipart

2025-06-13 21:26:25,394 - utils - INFO - Audit log created: a41023e02df15b4d performed user_login on auth
2025-06-13 21:26:25,395 - auth - INFO - User authenticated: tomerikosan@gmail.com
2025-08-19 20:55:36,000 - utils - INFO - Audit log created: a41023e02df15b4d performed user_login on auth
2025-08-19 20:55:36,001 - auth - INFO - User authenticated: tomerikosan@gmail.com
2025-08-20 20:37:47,192 - utils - INFO - Audit log created: a41023e02df15b4d performed user_login on auth
2025-08-20 20:37:47,245 - auth - INFO - User authenticated: tomerikosan@gmail.com
2025-08-20 20:40:04,933 - indicator_processor - INFO - Successfully stored 0 new indicators
2025-08-20 20:40:04,946 - utils - INFO - Audit log created: system performed file_processed on file
2025-08-20 20:40:04,949 - indicator_processor - INFO - Successfully processed file temp\IOCs- FC309242855$08092024_13_34_16.csv: {'total_found': 11, 'new_count': 0, 'existing_count': 11, 'duplicate_count': 0, 'invalid_count': 0}
2025-08-20 20:40:04,963 - utils - INFO - Audit log created: a41023e02df15b4d performed file_uploaded on file
2025-09-03 21:24:14,128 - fastapi - ERROR - Form data requires "python-multipart" to be installed. 
You can install "python-multipart" with: 

pip install python-multipart

2025-09-03 21:24:57,278 - fastapi - ERROR - Form data requires "python-multipart" to be installed. 
You can install "python-multipart" with: 

pip install python-multipart

2025-09-03 21:28:13,224 - fastapi - ERROR - Form data requires "python-multipart" to be installed. 
You can install "python-multipart" with: 

pip install python-multipart

2025-09-03 21:30:48,059 - fastapi - ERROR - Form data requires "python-multipart" to be installed. 
You can install "python-multipart" with: 

pip install python-multipart

2025-09-03 21:52:28,115 - fastapi - ERROR - Form data requires "python-multipart" to be installed. 
You can install "python-multipart" with: 

pip install python-multipart

2025-09-03 21:56:29,534 - fastapi - ERROR - Form data requires "python-multipart" to be installed. 
You can install "python-multipart" with: 

pip install python-multipart

2025-09-04 07:55:09,911 - utils - INFO - Audit log created: system performed api_request on endpoint
2025-09-04 07:55:12,243 - utils - INFO - Audit log created: system performed api_request on endpoint
2025-09-04 07:55:33,845 - utils - INFO - Audit log created: system performed api_request on endpoint
2025-09-04 07:55:44,686 - api_server - ERROR - Health check failed: Textual SQL expression 'SELECT 1' should be explicitly declared as text('SELECT 1')
2025-09-04 07:55:44,691 - utils - INFO - Audit log created: system performed api_request on endpoint
2025-09-04 07:55:54,690 - api_server - ERROR - Health check failed: Textual SQL expression 'SELECT 1' should be explicitly declared as text('SELECT 1')
2025-09-04 07:55:54,705 - utils - INFO - Audit log created: system performed api_request on endpoint
2025-09-04 07:56:23,460 - utils - INFO - Audit log created: system performed api_request on endpoint
2025-09-04 08:01:03,541 - fastapi - ERROR - Form data requires "python-multipart" to be installed. 
You can install "python-multipart" with: 

pip install python-multipart

2025-09-04 08:13:00,580 - utils - INFO - Audit log created: system performed api_request on endpoint
2025-09-04 08:19:44,106 - utils - INFO - Audit log created: system performed api_request on endpoint
2025-09-04 09:09:59,276 - utils - INFO - Audit log created: system performed api_request on endpoint
2025-09-04 09:10:07,478 - utils - INFO - Audit log created: system performed api_request on endpoint
2025-09-04 09:10:44,112 - utils - INFO - Audit log created: system performed api_request on endpoint
2025-09-04 12:37:36,659 - utils - INFO - Audit log created: system performed api_request on endpoint
2025-09-04 12:37:47,862 - utils - INFO - Audit log created: system performed api_request on endpoint
2025-09-04 12:38:15,150 - utils - INFO - Audit log created: system performed api_request on endpoint
2025-09-04 12:39:43,362 - utils - INFO - Audit log created: system performed api_request on endpoint
2025-09-04 12:39:47,104 - utils - INFO - Audit log created: system performed api_request on endpoint
2025-09-07 05:00:38,819 - utils - INFO - Audit log created: system performed api_request on endpoint
2025-09-07 05:00:39,798 - utils - INFO - Audit log created: system performed api_request on endpoint
2025-09-07 05:00:55,740 - utils - INFO - Audit log created: system performed api_request on endpoint
2025-09-07 05:00:56,405 - utils - INFO - Audit log created: system performed api_request on endpoint
2025-09-07 05:01:51,517 - api_server - ERROR - Health check failed: Textual SQL expression 'SELECT 1' should be explicitly declared as text('SELECT 1')
2025-09-07 05:01:51,537 - utils - INFO - Audit log created: system performed api_request on endpoint
2025-09-07 05:02:26,733 - utils - INFO - Audit log created: system performed api_request on endpoint
2025-09-07 05:02:28,798 - utils - INFO - Audit log created: system performed api_request on endpoint
2025-09-07 05:02:49,430 - api_server - ERROR - Health check failed: Textual SQL expression 'SELECT 1' should be explicitly declared as text('SELECT 1')
2025-09-07 05:02:49,466 - utils - INFO - Audit log created: system performed api_request on endpoint
2025-09-07 05:03:44,246 - utils - INFO - Audit log created: system performed api_request on endpoint
2025-09-07 05:04:15,591 - utils - INFO - Audit log created: system performed api_request on endpoint
2025-09-07 05:04:18,827 - utils - INFO - Audit log created: system performed api_request on endpoint
2025-09-07 05:04:29,019 - utils - INFO - Audit log created: system performed api_request on endpoint
2025-09-07 05:04:30,076 - utils - INFO - Audit log created: system performed api_request on endpoint
2025-09-07 05:04:38,597 - utils - INFO - Audit log created: system performed api_request on endpoint
2025-09-07 05:11:53,919 - indicator_processor - INFO - Successfully stored 0 new indicators
2025-09-07 05:11:53,934 - utils - INFO - Audit log created: system performed file_processed on file
2025-09-07 05:11:53,934 - indicator_processor - INFO - Successfully processed file 10092024-Normalized_Indicators.csv: {'total_found': 4, 'new_count': 0, 'existing_count': 2, 'duplicate_count': 0, 'invalid_count': 2}
2025-09-07 05:22:17,837 - utils - INFO - Audit log created: system performed api_request on endpoint
2025-09-07 05:23:54,460 - utils - INFO - Audit log created: system performed api_request on endpoint
2025-09-07 05:24:10,727 - utils - INFO - Audit log created: system performed api_request on endpoint
2025-09-07 05:24:27,388 - utils - INFO - Audit log created: a41023e02df15b4d performed user_login on auth
2025-09-07 05:24:27,389 - auth - INFO - User authenticated: tomerikosan@gmail.com
2025-09-07 05:24:32,090 - utils - INFO - Audit log created: system performed api_request on endpoint
2025-09-07 05:24:35,038 - utils - INFO - Audit log created: system performed api_request on endpoint
2025-09-07 05:24:36,612 - utils - INFO - Audit log created: system performed api_request on endpoint
2025-09-07 05:25:15,804 - utils - INFO - Audit log created: system performed api_request on endpoint
2025-09-07 05:25:16,808 - utils - INFO - Audit log created: system performed api_request on endpoint
2025-09-07 05:26:25,128 - utils - INFO - Audit log created: system performed api_request on endpoint
2025-09-07 05:27:24,210 - utils - INFO - Audit log created: system performed api_request on endpoint
2025-09-07 05:27:24,713 - utils - INFO - Audit log created: system performed api_request on endpoint
2025-09-07 05:28:08,871 - utils - INFO - Audit log created: system performed api_request on endpoint
2025-09-07 05:28:09,323 - utils - INFO - Audit log created: system performed api_request on endpoint
2025-09-07 05:28:15,618 - api_server - ERROR - Health check failed: Textual SQL expression 'SELECT 1' should be explicitly declared as text('SELECT 1')
2025-09-07 05:28:15,639 - utils - INFO - Audit log created: system performed api_request on endpoint
2025-09-07 05:28:18,692 - api_server - ERROR - Health check failed: Textual SQL expression 'SELECT 1' should be explicitly declared as text('SELECT 1')
2025-09-07 05:28:18,723 - utils - INFO - Audit log created: system performed api_request on endpoint
2025-09-07 05:28:58,421 - utils - INFO - Audit log created: system performed api_request on endpoint
2025-09-07 05:29:31,826 - utils - INFO - Audit log created: system performed api_request on endpoint
2025-09-07 05:39:14,003 - utils - INFO - Audit log created: system performed api_request on endpoint
2025-09-07 05:39:20,061 - utils - INFO - Audit log created: system performed api_request on endpoint
2025-09-07 05:39:41,577 - utils - INFO - Audit log created: system performed api_request on endpoint
2025-09-07 05:40:17,926 - utils - INFO - Audit log created: system performed api_request on endpoint
2025-09-07 05:43:35,705 - utils - INFO - Audit log created: system performed api_request on endpoint
2025-09-07 05:45:27,483 - utils - INFO - Audit log created: system performed api_request on endpoint
2025-09-07 05:45:33,734 - utils - INFO - Audit log created: system performed api_request on endpoint
2025-09-07 05:46:51,942 - utils - INFO - Audit log created: system performed api_request on endpoint
2025-09-07 06:42:30,781 - utils - INFO - Audit log created: 799a0701c68a59b6 performed user_login on auth
2025-09-07 06:42:30,781 - auth - INFO - User authenticated: tomerikosan@Gmail.com
2025-09-07 06:43:29,692 - indicator_processor - INFO - Successfully stored 0 new indicators
2025-09-07 06:43:29,702 - utils - INFO - Audit log created: system performed file_processed on file
2025-09-07 06:43:29,703 - indicator_processor - INFO - Successfully processed file temp\IOCs- FC309242855$08092024_13_34_16.csv: {'total_found': 11, 'new_count': 0, 'existing_count': 11, 'duplicate_count': 0, 'invalid_count': 0}
2025-09-07 06:43:29,718 - utils - INFO - Audit log created: 799a0701c68a59b6 performed file_uploaded on file
2025-09-07 23:22:47,499 - utils - INFO - Audit log created: a41023e02df15b4d performed user_login on auth
2025-09-07 23:22:47,500 - auth - INFO - User authenticated: tomerikosan@gmail.com
2025-09-07 23:22:59,031 - utils - INFO - Audit log created: system performed api_request on endpoint
2025-09-07 23:23:15,487 - utils - INFO - Audit log created: system performed api_request on endpoint
2025-09-07 23:23:16,236 - utils - INFO - Audit log created: system performed api_request on endpoint
2025-09-07 23:25:11,692 - utils - INFO - Audit log created: system performed api_request on endpoint
2025-09-07 23:28:54,336 - utils - INFO - Audit log created: system performed api_request on endpoint
2025-09-07 23:31:31,619 - utils - INFO - Audit log created: system performed api_request on endpoint
2025-09-08 00:35:23,905 - fastapi - ERROR - Form data requires "python-multipart" to be installed. 
You can install "python-multipart" with: 

pip install python-multipart

2025-09-08 00:37:39,159 - utils - INFO - Audit log created: system performed api_request on endpoint
2025-09-08 00:37:55,004 - utils - INFO - Audit log created: system performed api_request on endpoint
2025-09-08 01:12:34,981 - utils - INFO - Audit log created: system performed api_request on endpoint
2025-09-08 01:12:41,634 - utils - INFO - Audit log created: system performed api_request on endpoint
2025-09-08 01:13:24,438 - utils - INFO - Audit log created: system performed api_request on endpoint
2025-09-08 01:14:20,491 - utils - INFO - Audit log created: system performed api_request on endpoint
2025-09-08 01:14:22,297 - utils - INFO - Audit log created: system performed api_request on endpoint
2025-09-08 01:14:32,756 - utils - INFO - Audit log created: system performed api_request on endpoint
2025-09-08 01:14:37,007 - utils - INFO - Audit log created: system performed api_request on endpoint
2025-09-08 01:14:45,323 - utils - INFO - Audit log created: system performed api_request on endpoint
2025-09-08 01:14:55,546 - utils - INFO - Audit log created: system performed api_request on endpoint
2025-09-08 01:15:51,842 - utils - INFO - Audit log created: system performed api_request on endpoint
2025-09-08 01:15:53,631 - utils - INFO - Audit log created: system performed api_request on endpoint
2025-09-08 01:16:07,054 - utils - INFO - Audit log created: system performed api_request on endpoint
2025-09-08 01:32:41,227 - utils - INFO - Audit log created: system performed api_request on endpoint
2025-09-08 01:32:48,943 - utils - INFO - Audit log created: system performed api_request on endpoint
2025-09-08 01:33:18,900 - utils - INFO - Audit log created: system performed api_request on endpoint
2025-09-08 01:33:28,605 - utils - INFO - Audit log created: system performed api_request on endpoint
2025-09-08 01:33:29,897 - utils - INFO - Audit log created: system performed api_request on endpoint
2025-09-08 01:42:29,741 - utils - INFO - Audit log created: system performed api_request on endpoint
2025-09-08 01:42:41,844 - utils - INFO - Audit log created: system performed api_request on endpoint
2025-09-08 01:43:11,743 - utils - INFO - Audit log created: system performed api_request on endpoint
2025-09-08 01:47:21,601 - utils - INFO - Audit log created: system performed api_request on endpoint
2025-09-08 15:02:38,780 - utils - INFO - Audit log created: system performed api_request on endpoint
2025-09-08 15:02:46,892 - utils - INFO - Audit log created: system performed api_request on endpoint
2025-09-08 15:02:47,949 - utils - INFO - Audit log created: system performed api_request on endpoint
2025-09-08 15:03:35,722 - utils - INFO - Audit log created: system performed api_request on endpoint
2025-09-08 15:04:15,482 - utils - INFO - Audit log created: system performed api_request on endpoint
2025-09-08 15:05:04,639 - utils - INFO - Audit log created: a41023e02df15b4d performed user_login on auth
2025-09-08 15:05:04,653 - auth - INFO - User authenticated: tomerikosan@gmail.com
2025-09-08 15:17:46,069 - utils - INFO - Audit log created: system performed api_request on endpoint
2025-09-08 15:18:33,105 - utils - INFO - Audit log created: system performed api_request on endpoint
2025-09-13 03:26:34,117 - utils - INFO - Audit log created: a41023e02df15b4d performed user_login on auth
2025-09-13 03:26:34,119 - auth - INFO - User authenticated: tomerikosan@gmail.com
